2026.09.08 19:58:37 INFO  Started: Metals version 1.6.8 in folders 'C:\Users\hundo\Desktop\KU\2026-2R\GDGoC KU\backend-study-junior' for client Visual Studio Code 1.135.0.
2026.09.08 19:58:37 INFO  Memory monitor started
2026.09.08 19:58:39 WARN  Using H2 2.4.240 which is newer than the version Flyway has been verified with. The latest verified version of H2 is 2.3.232.
2026.09.08 19:58:39 INFO  no build target found for C:\Users\hundo\Desktop\KU\2026-2R\GDGoC KU\backend-study-junior\src\main\java\com\gdgku\study\backend\PlayerController.java. Using fallback presentation compiler.
2026.09.08 19:58:54 INFO  no build target found for C:\Users\hundo\Desktop\KU\2026-2R\GDGoC KU\backend-study-junior\src\main\java\com\gdgku\study\backend\PlayerController.java. Using fallback presentation compiler.
2026.09.08 19:58:56 INFO  no build target found for C:\Users\hundo\Desktop\KU\2026-2R\GDGoC KU\backend-study-junior\src\main\java\com\gdgku\study\backend\PlayerController.java. Using fallback presentation compiler.
2026.09.08 19:59:06 INFO  no build target found for C:\Users\hundo\Desktop\KU\2026-2R\GDGoC KU\backend-study-junior\src\main\java\com\gdgku\study\backend\PlayerController.java. Using fallback presentation compiler.
2026.09.08 19:59:18 INFO  no build target found for C:\Users\hundo\Desktop\KU\2026-2R\GDGoC KU\backend-study-junior\src\main\java\com\gdgku\study\backend\PlayerController.java. Using fallback presentation compiler.
2026.09.08 19:59:18 INFO  no build target found for C:\Users\hundo\Desktop\KU\2026-2R\GDGoC KU\backend-study-junior\src\main\java\com\gdgku\study\backend\PlayerController.java. Using fallback presentation compiler.
2026.09.08 19:59:18 INFO  no build target found for C:\Users\hundo\Desktop\KU\2026-2R\GDGoC KU\backend-study-junior\src\main\java\com\gdgku\study\backend\HelloController.java. Using fallback presentation compiler.
2026.09.08 19:59:19 WARN  no build target for: C:\Users\hundo\Desktop\KU\2026-2R\GDGoC KU\backend-study-junior\src\main\java\com\gdgku\study\backend\HelloController.java
9월 08, 2026 7:59:19 오후 org.eclipse.lsp4j.jsonrpc.RemoteEndpoint handleCancellation
WARNING: Unmatched cancel notification for request id 18
2026.09.08 19:59:19 INFO  no build target found for C:\Users\hundo\Desktop\KU\2026-2R\GDGoC KU\backend-study-junior\src\main\java\com\gdgku\study\backend\HelloController.java. Using fallback presentation compiler.
2026.09.08 19:59:19 INFO  no build target found for C:\Users\hundo\Desktop\KU\2026-2R\GDGoC KU\backend-study-junior\src\main\java\com\gdgku\study\backend\HelloController.java. Using fallback presentation compiler.
2026.09.08 19:59:47 INFO  no build target found for C:\Users\hundo\Desktop\KU\2026-2R\GDGoC KU\backend-study-junior\src\main\java\com\gdgku\study\backend\PlayerController.java. Using fallback presentation compiler.
9월 08, 2026 7:59:47 오후 org.eclipse.lsp4j.jsonrpc.RemoteEndpoint handleCancellation
WARNING: Unmatched cancel notification for request id 29
2026.09.08 19:59:47 WARN  no build target for: C:\Users\hundo\Desktop\KU\2026-2R\GDGoC KU\backend-study-junior\src\main\java\com\gdgku\study\backend\PlayerController.java
2026.09.08 19:59:47 INFO  no build target found for C:\Users\hundo\Desktop\KU\2026-2R\GDGoC KU\backend-study-junior\src\main\java\com\gdgku\study\backend\PlayerController.java. Using fallback presentation compiler.
2026.09.08 19:59:48 INFO  no build target found for C:\Users\hundo\Desktop\KU\2026-2R\GDGoC KU\backend-study-junior\src\main\java\com\gdgku\study\backend\PlayerController.java. Using fallback presentation compiler.
